
> ai-code-review@0.1.0 build
> next build

  Ôû▓ Next.js 14.2.3
  - Environments: .env.local

   Creating an optimized production build ...
node.exe : Failed to compile.
At line:1 char:1
+ & "C:\Program Files\nodejs/node.exe" "C:\Program 
Files\nodejs/node_mo ...
+ ~~~~~~~~~~~~~~~~~~~~~~~~~~~~~~~~~~~~~~~~~~~~~~~~~~~~~~~~~~~~~~~~~
~~~~
    + CategoryInfo          : NotSpecified: (Failed to compile.:St 
   ring) [], RemoteException
    + FullyQualifiedErrorId : NativeCommandError
 

./node_modules/highlight.js/styles/github-dark.css.webpack[javascri
pt/auto]!=!./node_modules/next/dist/build/webpack/loaders/css-loade
r/src/index.js??ruleSet[1].rules[13].oneOf[12].use[2]!./node_module
s/next/dist/build/webpack/loaders/postcss-loader/src/index.js??rule
Set[1].rules[13].oneOf[12].use[3]!./node_modules/highlight.js/style
s/github-dark.css
Error: Cannot find module 'autoprefixer'
Require stack:
- C:\Users\USER\Documents\MY CODES\Review\ai-code-review\node_modul
es\next\dist\build\webpack\config\blocks\css\plugins.js
- C:\Users\USER\Documents\MY CODES\Review\ai-code-review\node_modul
es\next\dist\build\webpack\config\blocks\css\index.js
- C:\Users\USER\Documents\MY CODES\Review\ai-code-review\node_modul
es\next\dist\build\webpack\config\index.js
- C:\Users\USER\Documents\MY CODES\Review\ai-code-review\node_modul
es\next\dist\build\webpack-config.js
- C:\Users\USER\Documents\MY CODES\Review\ai-code-review\node_modul
es\next\dist\build\webpack-build\impl.js
- C:\Users\USER\Documents\MY CODES\Review\ai-code-review\node_modul
es\next\dist\compiled\jest-worker\processChild.js
    at Module.<anonymous> 
(node:internal/modules/cjs/loader:1421:15)
    at C:\Users\USER\Documents\MY CODES\Review\ai-code-review\node_
modules\next\dist\server\require-hook.js:55:36
    at require.resolve (node:internal/modules/helpers:163:19)
    at loadPlugin (C:\Users\USER\Documents\MY CODES\Review\ai-code-
review\node_modules\next\dist\build\webpack\config\blocks\css\plugi
ns.js:49:32)
    at C:\Users\USER\Documents\MY CODES\Review\ai-code-review\node_
modules\next\dist\build\webpack\config\blocks\css\plugins.js:157:56
    at Array.map (<anonymous>)
    at getPostCssPlugins (C:\Users\USER\Documents\MY CODES\Review\a
i-code-review\node_modules\next\dist\build\webpack\config\blocks\cs
s\plugins.js:157:47)
    at async C:\Users\USER\Documents\MY CODES\Review\ai-code-review
\node_modules\next\dist\build\webpack\config\blocks\css\index.js:12
4:36
    at async C:\Users\USER\Documents\MY CODES\Review\ai-code-review
\node_modules\next\dist\build\webpack\loaders\postcss-loader\src\in
dex.js:51:40
    at async Span.traceAsyncFn (C:\Users\USER\Documents\MY CODES\Re
view\ai-code-review\node_modules\next\dist\trace\trace.js:154:20)

Import trace for requested module:
./node_modules/highlight.js/styles/github-dark.css.webpack[javascri
pt/auto]!=!./node_modules/next/dist/build/webpack/loaders/css-loade
r/src/index.js??ruleSet[1].rules[13].oneOf[12].use[2]!./node_module
s/next/dist/build/webpack/loaders/postcss-loader/src/index.js??rule
Set[1].rules[13].oneOf[12].use[3]!./node_modules/highlight.js/style
s/github-dark.css
./node_modules/highlight.js/styles/github-dark.css
./components/CodeEditor.tsx
./app/page.tsx

./node_modules/tailwindcss/tailwind.css.webpack[javascript/auto]!=!
./node_modules/next/dist/build/webpack/loaders/css-loader/src/index
.js??ruleSet[1].rules[13].oneOf[12].use[2]!./node_modules/next/dist
/build/webpack/loaders/postcss-loader/src/index.js??ruleSet[1].rule
s[13].oneOf[12].use[3]!./node_modules/tailwindcss/tailwind.css
Error: Cannot find module 'autoprefixer'
Require stack:
- C:\Users\USER\Documents\MY CODES\Review\ai-code-review\node_modul
es\next\dist\build\webpack\config\blocks\css\plugins.js
- C:\Users\USER\Documents\MY CODES\Review\ai-code-review\node_modul
es\next\dist\build\webpack\config\blocks\css\index.js
- C:\Users\USER\Documents\MY CODES\Review\ai-code-review\node_modul
es\next\dist\build\webpack\config\index.js
- C:\Users\USER\Documents\MY CODES\Review\ai-code-review\node_modul
es\next\dist\build\webpack-config.js
- C:\Users\USER\Documents\MY CODES\Review\ai-code-review\node_modul
es\next\dist\build\webpack-build\impl.js
- C:\Users\USER\Documents\MY CODES\Review\ai-code-review\node_modul
es\next\dist\compiled\jest-worker\processChild.js
    at Module.<anonymous> 
(node:internal/modules/cjs/loader:1421:15)
    at C:\Users\USER\Documents\MY CODES\Review\ai-code-review\node_
modules\next\dist\server\require-hook.js:55:36
    at require.resolve (node:internal/modules/helpers:163:19)
    at loadPlugin (C:\Users\USER\Documents\MY CODES\Review\ai-code-
review\node_modules\next\dist\build\webpack\config\blocks\css\plugi
ns.js:49:32)
    at C:\Users\USER\Documents\MY CODES\Review\ai-code-review\node_
modules\next\dist\build\webpack\config\blocks\css\plugins.js:157:56
    at Array.map (<anonymous>)
    at getPostCssPlugins (C:\Users\USER\Documents\MY CODES\Review\a
i-code-review\node_modules\next\dist\build\webpack\config\blocks\cs
s\plugins.js:157:47)
    at async C:\Users\USER\Documents\MY CODES\Review\ai-code-review
\node_modules\next\dist\build\webpack\config\blocks\css\index.js:12
4:36
    at async C:\Users\USER\Documents\MY CODES\Review\ai-code-review
\node_modules\next\dist\build\webpack\loaders\postcss-loader\src\in
dex.js:51:40
    at async Span.traceAsyncFn (C:\Users\USER\Documents\MY CODES\Re
view\ai-code-review\node_modules\next\dist\trace\trace.js:154:20)

Import trace for requested module:
./node_modules/tailwindcss/tailwind.css.webpack[javascript/auto]!=!
./node_modules/next/dist/build/webpack/loaders/css-loader/src/index
.js??ruleSet[1].rules[13].oneOf[12].use[2]!./node_modules/next/dist
/build/webpack/loaders/postcss-loader/src/index.js??ruleSet[1].rule
s[13].oneOf[12].use[3]!./node_modules/tailwindcss/tailwind.css
./node_modules/tailwindcss/tailwind.css

./node_modules/highlight.js/styles/github-dark.css
Error: Cannot find module 'autoprefixer'
Require stack:
- C:\Users\USER\Documents\MY CODES\Review\ai-code-review\node_modul
es\next\dist\build\webpack\config\blocks\css\plugins.js
- C:\Users\USER\Documents\MY CODES\Review\ai-code-review\node_modul
es\next\dist\build\webpack\config\blocks\css\index.js
- C:\Users\USER\Documents\MY CODES\Review\ai-code-review\node_modul
es\next\dist\build\webpack\config\index.js
- C:\Users\USER\Documents\MY CODES\Review\ai-code-review\node_modul
es\next\dist\build\webpack-config.js
- C:\Users\USER\Documents\MY CODES\Review\ai-code-review\node_modul
es\next\dist\build\webpack-build\impl.js
- C:\Users\USER\Documents\MY CODES\Review\ai-code-review\node_modul
es\next\dist\compiled\jest-worker\processChild.js
    at Module.<anonymous> 
(node:internal/modules/cjs/loader:1421:15)
    at C:\Users\USER\Documents\MY CODES\Review\ai-code-review\node_
modules\next\dist\server\require-hook.js:55:36
    at require.resolve (node:internal/modules/helpers:163:19)
    at loadPlugin (C:\Users\USER\Documents\MY CODES\Review\ai-code-
review\node_modules\next\dist\build\webpack\config\blocks\css\plugi
ns.js:49:32)
    at C:\Users\USER\Documents\MY CODES\Review\ai-code-review\node_
modules\next\dist\build\webpack\config\blocks\css\plugins.js:157:56
    at Array.map (<anonymous>)
    at getPostCssPlugins (C:\Users\USER\Documents\MY CODES\Review\a
i-code-review\node_modules\next\dist\build\webpack\config\blocks\cs
s\plugins.js:157:47)
    at async C:\Users\USER\Documents\MY CODES\Review\ai-code-review
\node_modules\next\dist\build\webpack\config\blocks\css\index.js:12
4:36
    at async C:\Users\USER\Documents\MY CODES\Review\ai-code-review
\node_modules\next\dist\build\webpack\loaders\postcss-loader\src\in
dex.js:51:40
    at async Span.traceAsyncFn (C:\Users\USER\Documents\MY CODES\Re
view\ai-code-review\node_modules\next\dist\trace\trace.js:154:20)
    at tryRunOrWebpackError (C:\Users\USER\Documents\MY CODES\Revie
w\ai-code-review\node_modules\next\dist\compiled\webpack\bundle5.js
:28:312989)
    at __webpack_require_module__ (C:\Users\USER\Documents\MY CODES
\Review\ai-code-review\node_modules\next\dist\compiled\webpack\bund
le5.js:28:131165)
    at __nested_webpack_require_153728__ 
(C:\Users\USER\Documents\MY CODES\Review\ai-code-review\node_module
s\next\dist\compiled\webpack\bundle5.js:28:130607)
    at C:\Users\USER\Documents\MY CODES\Review\ai-code-review\node_
modules\next\dist\compiled\webpack\bundle5.js:28:131454
    at symbolIterator (C:\Users\USER\Documents\MY CODES\Review\ai-c
ode-review\node_modules\next\dist\compiled\neo-async\async.js:1:144
44)
    at done (C:\Users\USER\Documents\MY CODES\Review\ai-code-review
\node_modules\next\dist\compiled\neo-async\async.js:1:14824)
    at Hook.eval [as callAsync] (eval at create 
(C:\Users\USER\Documents\MY CODES\Review\ai-code-review\node_module
s\next\dist\compiled\webpack\bundle5.js:13:28858), 
<anonymous>:15:1)
    at C:\Users\USER\Documents\MY CODES\Review\ai-code-review\node_
modules\next\dist\compiled\webpack\bundle5.js:28:130328
    at symbolIterator (C:\Users\USER\Documents\MY CODES\Review\ai-c
ode-review\node_modules\next\dist\compiled\neo-async\async.js:1:144
02)
    at timesSync (C:\Users\USER\Documents\MY CODES\Review\ai-code-r
eview\node_modules\next\dist\compiled\neo-async\async.js:1:5027)
-- inner error --
Error: Cannot find module 'autoprefixer'
Require stack:
- C:\Users\USER\Documents\MY CODES\Review\ai-code-review\node_modul
es\next\dist\build\webpack\config\blocks\css\plugins.js
- C:\Users\USER\Documents\MY CODES\Review\ai-code-review\node_modul
es\next\dist\build\webpack\config\blocks\css\index.js
- C:\Users\USER\Documents\MY CODES\Review\ai-code-review\node_modul
es\next\dist\build\webpack\config\index.js
- C:\Users\USER\Documents\MY CODES\Review\ai-code-review\node_modul
es\next\dist\build\webpack-config.js
- C:\Users\USER\Documents\MY CODES\Review\ai-code-review\node_modul
es\next\dist\build\webpack-build\impl.js
- C:\Users\USER\Documents\MY CODES\Review\ai-code-review\node_modul
es\next\dist\compiled\jest-worker\processChild.js
    at Module.<anonymous> 
(node:internal/modules/cjs/loader:1421:15)
    at C:\Users\USER\Documents\MY CODES\Review\ai-code-review\node_
modules\next\dist\server\require-hook.js:55:36
    at require.resolve (node:internal/modules/helpers:163:19)
    at loadPlugin (C:\Users\USER\Documents\MY CODES\Review\ai-code-
review\node_modules\next\dist\build\webpack\config\blocks\css\plugi
ns.js:49:32)
    at C:\Users\USER\Documents\MY CODES\Review\ai-code-review\node_
modules\next\dist\build\webpack\config\blocks\css\plugins.js:157:56
    at Array.map (<anonymous>)
    at getPostCssPlugins (C:\Users\USER\Documents\MY CODES\Review\a
i-code-review\node_modules\next\dist\build\webpack\config\blocks\cs
s\plugins.js:157:47)
    at async C:\Users\USER\Documents\MY CODES\Review\ai-code-review
\node_modules\next\dist\build\webpack\config\blocks\css\index.js:12
4:36
    at async C:\Users\USER\Documents\MY CODES\Review\ai-code-review
\node_modules\next\dist\build\webpack\loaders\postcss-loader\src\in
dex.js:51:40
    at async Span.traceAsyncFn (C:\Users\USER\Documents\MY CODES\Re
view\ai-code-review\node_modules\next\dist\trace\trace.js:154:20)
    at Object.<anonymous> (C:\Users\USER\Documents\MY CODES\Review\
ai-code-review\node_modules\next\dist\build\webpack\loaders\css-loa
der\src\index.js??ruleSet[1].rules[13].oneOf[12].use[2]!C:\Users\US
ER\Documents\MY CODES\Review\ai-code-review\node_modules\next\dist\
build\webpack\loaders\postcss-loader\src\index.js??ruleSet[1].rules
[13].oneOf[12].use[3]!C:\Users\USER\Documents\MY CODES\Review\ai-co
de-review\node_modules\highlight.js\styles\github-dark.css:1:7)
    at C:\Users\USER\Documents\MY CODES\Review\ai-code-review\node_
modules\next\dist\compiled\webpack\bundle5.js:28:922493
    at Hook.eval [as call] (eval at create 
(C:\Users\USER\Documents\MY CODES\Review\ai-code-review\node_module
s\next\dist\compiled\webpack\bundle5.js:13:28636), <anonymous>:7:1)
    at C:\Users\USER\Documents\MY CODES\Review\ai-code-review\node_
modules\next\dist\compiled\webpack\bundle5.js:28:131198
    at tryRunOrWebpackError (C:\Users\USER\Documents\MY CODES\Revie
w\ai-code-review\node_modules\next\dist\compiled\webpack\bundle5.js
:28:312943)
    at __webpack_require_module__ (C:\Users\USER\Documents\MY CODES
\Review\ai-code-review\node_modules\next\dist\compiled\webpack\bund
le5.js:28:131165)
    at __nested_webpack_require_153728__ 
(C:\Users\USER\Documents\MY CODES\Review\ai-code-review\node_module
s\next\dist\compiled\webpack\bundle5.js:28:130607)
    at C:\Users\USER\Documents\MY CODES\Review\ai-code-review\node_
modules\next\dist\compiled\webpack\bundle5.js:28:131454
    at symbolIterator (C:\Users\USER\Documents\MY CODES\Review\ai-c
ode-review\node_modules\next\dist\compiled\neo-async\async.js:1:144
44)
    at done (C:\Users\USER\Documents\MY CODES\Review\ai-code-review
\node_modules\next\dist\compiled\neo-async\async.js:1:14824)

Generated code for C:\Users\USER\Documents\MY CODES\Review\ai-code-
review\node_modules\next\dist\build\webpack\loaders\css-loader\src\
index.js??ruleSet[1].rules[13].oneOf[12].use[2]!C:\Users\USER\Docum
ents\MY CODES\Review\ai-code-review\node_modules\next\dist\build\we
bpack\loaders\postcss-loader\src\index.js??ruleSet[1].rules[13].one
Of[12].use[3]!C:\Users\USER\Documents\MY CODES\Review\ai-code-revie
w\node_modules\highlight.js\styles\github-dark.css

Import trace for requested module:
./node_modules/highlight.js/styles/github-dark.css
./components/CodeEditor.tsx
./app/page.tsx

./node_modules/tailwindcss/tailwind.css
Error: Cannot find module 'autoprefixer'
Require stack:
- C:\Users\USER\Documents\MY CODES\Review\ai-code-review\node_modul
es\next\dist\build\webpack\config\blocks\css\plugins.js
- C:\Users\USER\Documents\MY CODES\Review\ai-code-review\node_modul
es\next\dist\build\webpack\config\blocks\css\index.js
- C:\Users\USER\Documents\MY CODES\Review\ai-code-review\node_modul
es\next\dist\build\webpack\config\index.js
- C:\Users\USER\Documents\MY CODES\Review\ai-code-review\node_modul
es\next\dist\build\webpack-config.js
- C:\Users\USER\Documents\MY CODES\Review\ai-code-review\node_modul
es\next\dist\build\webpack-build\impl.js
- C:\Users\USER\Documents\MY CODES\Review\ai-code-review\node_modul
es\next\dist\compiled\jest-worker\processChild.js
    at Module.<anonymous> 
(node:internal/modules/cjs/loader:1421:15)
    at C:\Users\USER\Documents\MY CODES\Review\ai-code-review\node_
modules\next\dist\server\require-hook.js:55:36
    at require.resolve (node:internal/modules/helpers:163:19)
    at loadPlugin (C:\Users\USER\Documents\MY CODES\Review\ai-code-
review\node_modules\next\dist\build\webpack\config\blocks\css\plugi
ns.js:49:32)
    at C:\Users\USER\Documents\MY CODES\Review\ai-code-review\node_
modules\next\dist\build\webpack\config\blocks\css\plugins.js:157:56
    at Array.map (<anonymous>)
    at getPostCssPlugins (C:\Users\USER\Documents\MY CODES\Review\a
i-code-review\node_modules\next\dist\build\webpack\config\blocks\cs
s\plugins.js:157:47)
    at async C:\Users\USER\Documents\MY CODES\Review\ai-code-review
\node_modules\next\dist\build\webpack\config\blocks\css\index.js:12
4:36
    at async C:\Users\USER\Documents\MY CODES\Review\ai-code-review
\node_modules\next\dist\build\webpack\loaders\postcss-loader\src\in
dex.js:51:40
    at async Span.traceAsyncFn (C:\Users\USER\Documents\MY CODES\Re
view\ai-code-review\node_modules\next\dist\trace\trace.js:154:20)
    at tryRunOrWebpackError (C:\Users\USER\Documents\MY CODES\Revie
w\ai-code-review\node_modules\next\dist\compiled\webpack\bundle5.js
:28:312989)
    at __webpack_require_module__ (C:\Users\USER\Documents\MY CODES
\Review\ai-code-review\node_modules\next\dist\compiled\webpack\bund
le5.js:28:131165)
    at __nested_webpack_require_153728__ 
(C:\Users\USER\Documents\MY CODES\Review\ai-code-review\node_module
s\next\dist\compiled\webpack\bundle5.js:28:130607)
    at C:\Users\USER\Documents\MY CODES\Review\ai-code-review\node_
modules\next\dist\compiled\webpack\bundle5.js:28:131454
    at symbolIterator (C:\Users\USER\Documents\MY CODES\Review\ai-c
ode-review\node_modules\next\dist\compiled\neo-async\async.js:1:144
44)
    at done (C:\Users\USER\Documents\MY CODES\Review\ai-code-review
\node_modules\next\dist\compiled\neo-async\async.js:1:14824)
    at Hook.eval [as callAsync] (eval at create 
(C:\Users\USER\Documents\MY CODES\Review\ai-code-review\node_module
s\next\dist\compiled\webpack\bundle5.js:13:28858), 
<anonymous>:15:1)
    at Hook.CALL_ASYNC_DELEGATE [as _callAsync] 
(C:\Users\USER\Documents\MY CODES\Review\ai-code-review\node_module
s\next\dist\compiled\webpack\bundle5.js:13:26012)
    at C:\Users\USER\Documents\MY CODES\Review\ai-code-review\node_
modules\next\dist\compiled\webpack\bundle5.js:28:130328
    at symbolIterator (C:\Users\USER\Documents\MY CODES\Review\ai-c
ode-review\node_modules\next\dist\compiled\neo-async\async.js:1:144
02)
-- inner error --
Error: Cannot find module 'autoprefixer'
Require stack:
- C:\Users\USER\Documents\MY CODES\Review\ai-code-review\node_modul
es\next\dist\build\webpack\config\blocks\css\plugins.js
- C:\Users\USER\Documents\MY CODES\Review\ai-code-review\node_modul
es\next\dist\build\webpack\config\blocks\css\index.js
- C:\Users\USER\Documents\MY CODES\Review\ai-code-review\node_modul
es\next\dist\build\webpack\config\index.js
- C:\Users\USER\Documents\MY CODES\Review\ai-code-review\node_modul
es\next\dist\build\webpack-config.js
- C:\Users\USER\Documents\MY CODES\Review\ai-code-review\node_modul
es\next\dist\build\webpack-build\impl.js
- C:\Users\USER\Documents\MY CODES\Review\ai-code-review\node_modul
es\next\dist\compiled\jest-worker\processChild.js
    at Module.<anonymous> 
(node:internal/modules/cjs/loader:1421:15)
    at C:\Users\USER\Documents\MY CODES\Review\ai-code-review\node_
modules\next\dist\server\require-hook.js:55:36
    at require.resolve (node:internal/modules/helpers:163:19)
    at loadPlugin (C:\Users\USER\Documents\MY CODES\Review\ai-code-
review\node_modules\next\dist\build\webpack\config\blocks\css\plugi
ns.js:49:32)
    at C:\Users\USER\Documents\MY CODES\Review\ai-code-review\node_
modules\next\dist\build\webpack\config\blocks\css\plugins.js:157:56
    at Array.map (<anonymous>)
    at getPostCssPlugins (C:\Users\USER\Documents\MY CODES\Review\a
i-code-review\node_modules\next\dist\build\webpack\config\blocks\cs
s\plugins.js:157:47)
    at async C:\Users\USER\Documents\MY CODES\Review\ai-code-review
\node_modules\next\dist\build\webpack\config\blocks\css\index.js:12
4:36
    at async C:\Users\USER\Documents\MY CODES\Review\ai-code-review
\node_modules\next\dist\build\webpack\loaders\postcss-loader\src\in
dex.js:51:40
    at async Span.traceAsyncFn (C:\Users\USER\Documents\MY CODES\Re
view\ai-code-review\node_modules\next\dist\trace\trace.js:154:20)
    at Object.<anonymous> (C:\Users\USER\Documents\MY CODES\Review\
ai-code-review\node_modules\next\dist\build\webpack\loaders\css-loa
der\src\index.js??ruleSet[1].rules[13].oneOf[12].use[2]!C:\Users\US
ER\Documents\MY CODES\Review\ai-code-review\node_modules\next\dist\
build\webpack\loaders\postcss-loader\src\index.js??ruleSet[1].rules
[13].oneOf[12].use[3]!C:\Users\USER\Documents\MY CODES\Review\ai-co
de-review\node_modules\tailwindcss\tailwind.css:1:7)
    at C:\Users\USER\Documents\MY CODES\Review\ai-code-review\node_
modules\next\dist\compiled\webpack\bundle5.js:28:922493
    at Hook.eval [as call] (eval at create 
(C:\Users\USER\Documents\MY CODES\Review\ai-code-review\node_module
s\next\dist\compiled\webpack\bundle5.js:13:28636), <anonymous>:7:1)
    at Hook.CALL_DELEGATE [as _call] (C:\Users\USER\Documents\MY CO
DES\Review\ai-code-review\node_modules\next\dist\compiled\webpack\b
undle5.js:13:25906)
    at C:\Users\USER\Documents\MY CODES\Review\ai-code-review\node_
modules\next\dist\compiled\webpack\bundle5.js:28:131198
    at tryRunOrWebpackError (C:\Users\USER\Documents\MY CODES\Revie
w\ai-code-review\node_modules\next\dist\compiled\webpack\bundle5.js
:28:312943)
    at __webpack_require_module__ (C:\Users\USER\Documents\MY CODES
\Review\ai-code-review\node_modules\next\dist\compiled\webpack\bund
le5.js:28:131165)
    at __nested_webpack_require_153728__ 
(C:\Users\USER\Documents\MY CODES\Review\ai-code-review\node_module
s\next\dist\compiled\webpack\bundle5.js:28:130607)
    at C:\Users\USER\Documents\MY CODES\Review\ai-code-review\node_
modules\next\dist\compiled\webpack\bundle5.js:28:131454
    at symbolIterator (C:\Users\USER\Documents\MY CODES\Review\ai-c
ode-review\node_modules\next\dist\compiled\neo-async\async.js:1:144
44)

Generated code for C:\Users\USER\Documents\MY CODES\Review\ai-code-
review\node_modules\next\dist\build\webpack\loaders\css-loader\src\
index.js??ruleSet[1].rules[13].oneOf[12].use[2]!C:\Users\USER\Docum
ents\MY CODES\Review\ai-code-review\node_modules\next\dist\build\we
bpack\loaders\postcss-loader\src\index.js??ruleSet[1].rules[13].one
Of[12].use[3]!C:\Users\USER\Documents\MY 
CODES\Review\ai-code-review\node_modules\tailwindcss\tailwind.css

Import trace for requested module:
./node_modules/tailwindcss/tailwind.css


> Build failed because of webpack errors
